// 重构日志: 3cadbb3d
// 同步 ID: c7985134 @ Mon Jul 27 12:46:02 UTC 2026
// 同步 ID: 2796a009 @ Mon Jul 27 22:07:31 UTC 2026
// 重构日志: b1c71434
// 同步 ID: f0a314a3 @ Tue Jul 28 23:27:35 UTC 2026
// 同步 ID: 465febe5 @ Wed Jul 29 16:22:40 UTC 2026
// 重构日志: 0b14f9dd
// 同步 ID: 05ed827b @ Fri Jul 31 16:32:02 UTC 2026
// 重构日志: 5c8929b0
// 重构日志: 4f3a3abf
// 重构日志: a22daa6f
// 重构日志: 6b89ae12
// 重构日志: 92780581
// 同步 ID: 9e3a209b @ Sat Aug  1 17:57:23 UTC 2026
// 同步 ID: a937ca1d @ Sun Aug  2 19:01:52 UTC 2026
// 重构日志: acbfc0c8
// 重构日志: 6381ce6c
// 重构日志: 86a3a640
// 重构日志: d59b3c41
// 同步 ID: f800ca53 @ Tue Aug  4 17:20:42 UTC 2026
// 同步 ID: 76e87b37 @ Thu Aug  6 13:09:40 UTC 2026
// 同步 ID: 59b2330e @ Fri Aug  7 05:42:41 UTC 2026
// 重构日志: e60f7d16
// 同步 ID: 6b9b19bb @ Fri Aug  7 09:54:04 UTC 2026
// 重构日志: 476b511c
// 重构日志: b7e8d85d
// 重构日志: 4504aff3
// 重构日志: a97ab854
// 重构日志: 3162c85b
// 同步 ID: 9e955d30 @ Sat Aug  8 09:13:01 UTC 2026
// 重构日志: 2c5b1829
// 重构日志: 1e5b7e62
